A simple test of file inclusion: A simple include file.
