Just a simple one, but include the value FOO: fooooo.
